M04 killed (full) by 1: tests/edge_books.rs::every_edge_book_matches_the_reference
M02 killed (full) by 1: tests/edge_books.rs::every_edge_book_matches_the_reference
M03 killed (full) by 1: tests/edge_books.rs::every_edge_book_matches_the_reference
M01 killed (full) by 1: tests/edge_books.rs::every_edge_book_matches_the_reference
M05 killed (full) by 1: tests/edge_books.rs::every_edge_book_matches_the_reference
M15 killed (full) by 1: tests/edge_books.rs::every_edge_book_matches_the_reference
M16 killed (full) by 1: tests/edge_books.rs::every_edge_book_matches_the_reference
M17 killed (full) by 1: tests/edge_books.rs::every_edge_book_matches_the_reference
M18 killed (full) by 1: tests/edge_books.rs::every_edge_book_matches_the_reference
M19 killed (full) by 1: tests/edge_books.rs::every_edge_book_matches_the_reference
M20 killed (full) by 1: tests/edge_books.rs::every_edge_book_matches_the_reference
M21 killed (full) by 1: tests/edge_books.rs::every_edge_book_matches_the_reference
M23 killed (full) by 1: tests/edge_books.rs::every_edge_book_matches_the_reference
M25 killed (full) by 2: tests/edge_books.rs::every_edge_book_matches_the_reference, tests/module_invariants_batch1.rs::edge_cash_book_narrations_and_expense_credits
M22 killed (full) by 1: tests/edge_books.rs::every_edge_book_matches_the_reference
M26 killed (full) by 1: tests/edge_books.rs::every_edge_book_matches_the_reference
M27 killed (full) by 4: tests/edge_books.rs::every_edge_book_matches_the_reference, tests/parity_cash_book_integrity.rs::a_changed_value_is_reported, tests/parity_cash_book_integrity.rs::synthetic_read_matches_the_python_golden, tests/registry.rs::every_registered_test_matches_its_synthetic_golden
M28 killed (full) by 4: tests/edge_books.rs::every_edge_book_matches_the_reference, tests/parity_cash_book_integrity.rs::a_changed_value_is_reported, tests/parity_cash_book_integrity.rs::synthetic_read_matches_the_python_golden, tests/registry.rs::every_registered_test_matches_its_synthetic_golden
M32 killed (full) by 4: tests/edge_books.rs::every_edge_book_matches_the_reference, tests/parity_trial_balance.rs::a_changed_value_is_reported, tests/parity_trial_balance.rs::synthetic_read_matches_the_python_golden, tests/registry.rs::every_registered_test_matches_its_synthetic_golden
B01 killed (full) by 4: tests/edge_books.rs::every_edge_book_matches_the_reference, tests/parity_trial_balance.rs::a_changed_value_is_reported, tests/parity_trial_balance.rs::synthetic_read_matches_the_python_golden, tests/registry.rs::every_registered_test_matches_its_synthetic_golden
B02 killed (full) by 4: tests/edge_books.rs::every_edge_book_matches_the_reference, tests/parity_trial_balance.rs::a_changed_value_is_reported, tests/parity_trial_balance.rs::synthetic_read_matches_the_python_golden, tests/registry.rs::every_registered_test_matches_its_synthetic_golden
B03 killed (full) by 4: tests/edge_books.rs::every_edge_book_matches_the_reference, tests/parity_trial_balance.rs::a_changed_value_is_reported, tests/parity_trial_balance.rs::synthetic_read_matches_the_python_golden, tests/registry.rs::every_registered_test_matches_its_synthetic_golden
B11 killed (full) by 5: tests/edge_books.rs::every_edge_book_matches_the_reference, tests/module_invariants_batch1.rs::edge_cash_book_narrations_and_expense_credits, tests/parity_cash_book_integrity.rs::a_changed_value_is_reported, tests/parity_cash_book_integrity.rs::synthetic_read_matches_the_python_golden, tests/registry.rs::every_registered_test_matches_its_synthetic_golden
B12 killed (full) by 2: tests/edge_books.rs::every_edge_book_matches_the_reference, tests/module_invariants_batch1.rs::edge_cash_book_lowest_day_is_the_first_of_equal_minima
B13 killed (full) by 2: tests/edge_books.rs::every_edge_book_matches_the_reference, tests/module_invariants_batch1.rs::edge_cash_book_narrations_and_expense_credits
B14 killed (full) by 2: tests/edge_books.rs::every_edge_book_matches_the_reference, tests/module_invariants_batch1.rs::edge_cash_book_narrations_and_expense_credits
B15 killed (full) by 2: tests/edge_books.rs::every_edge_book_matches_the_reference, tests/module_invariants_batch1.rs::cbi1_fires_on_a_tampered_opening_difference_and_cbi2_on_an_unwalked_negative_close
X01 killed (full) by 1: tests/edge_books.rs::every_edge_book_matches_the_reference
X02 killed (full) by 1: tests/edge_books.rs::every_edge_book_matches_the_reference
X03 killed (full) by 4: tests/edge_books.rs::every_edge_book_matches_the_reference, tests/parity_cash_book_integrity.rs::a_changed_value_is_reported, tests/parity_cash_book_integrity.rs::synthetic_read_matches_the_python_golden, tests/registry.rs::every_registered_test_matches_its_synthetic_golden
X04 killed (full) by 1: tests/edge_books.rs::every_edge_book_matches_the_reference
X05 killed (full) by 1: tests/edge_books.rs::every_edge_book_matches_the_reference
X11 survived (full)
X06 killed (full) by 4: tests/edge_books.rs::every_edge_book_matches_the_reference, tests/parity_cash_book_integrity.rs::a_changed_value_is_reported, tests/parity_cash_book_integrity.rs::synthetic_read_matches_the_python_golden, tests/registry.rs::every_registered_test_matches_its_synthetic_golden
X15 killed (full) by 4: tests/edge_books.rs::every_edge_book_matches_the_reference, tests/parity_trial_balance.rs::a_changed_value_is_reported, tests/parity_trial_balance.rs::synthetic_read_matches_the_python_golden, tests/registry.rs::every_registered_test_matches_its_synthetic_golden
X16 killed (full) by 1: tests/module_invariants_batch1.rs::cbi1_fires_on_a_tampered_opening_difference_and_cbi2_on_an_unwalked_negative_close
X18 killed (full) by 2: tests/edge_books.rs::every_edge_book_matches_the_reference, tests/module_invariants_batch1.rs::edge_cash_book_narrations_and_expense_credits
X23 killed (full) by 4: tests/edge_books.rs::every_edge_book_matches_the_reference, tests/parity_cash_book_integrity.rs::a_changed_value_is_reported, tests/parity_cash_book_integrity.rs::synthetic_read_matches_the_python_golden, tests/registry.rs::every_registered_test_matches_its_synthetic_golden
X20 killed (full) by 1: tests/own_account_terms.rs::a_malformed_value_fails_cash_book_integrity_alone
X22 killed (full) by 1: tests/edge_books.rs::every_edge_book_matches_the_reference
X24 killed (full) by 1: tests/edge_books.rs::every_edge_book_matches_the_reference
S01 killed (full) by 2: src/lib.rs::statutory_dues_43b::tests::the_opening_lot_is_due_the_month_after_the_last_pre_period_month, tests/edge_books.rs::every_edge_book_matches_the_reference
S02 killed (full) by 2: src/lib.rs::statutory_dues_43b::tests::the_opening_lot_is_due_the_month_after_the_last_pre_period_month, tests/edge_books.rs::every_edge_book_matches_the_reference
S03 killed (full) by 1: tests/edge_books.rs::every_edge_book_matches_the_reference
S04 killed (full) by 1: src/lib.rs::statutory_dues_43b::tests::the_opening_lot_is_due_the_month_after_the_last_pre_period_month
S05 killed (full) by 2: src/lib.rs::statutory_dues_43b::tests::the_opening_lot_is_due_the_month_after_the_last_pre_period_month, tests/edge_books.rs::every_edge_book_matches_the_reference
S06 killed (full) by 3: src/lib.rs::statutory_dues_43b::tests::a_period_starting_mid_month_takes_the_opening_lot_from_the_day_before, src/lib.rs::statutory_dues_43b::tests::the_opening_lot_is_due_the_month_after_the_last_pre_period_month, tests/edge_books.rs::every_edge_book_matches_the_reference
S07 killed (full) by 1: tests/edge_books.rs::every_edge_book_matches_the_reference
S08 survived (full)
S10 killed (full) by 1: tests/edge_books.rs::every_edge_book_matches_the_reference
S11 killed (full) by 1: tests/edge_books.rs::every_edge_book_matches_the_reference
S09 killed (full) by 2: tests/edge_books.rs::every_edge_book_matches_the_reference, tests/registry.rs::every_registered_test_matches_its_synthetic_golden
S12 killed (full) by 1: tests/edge_books.rs::every_edge_book_matches_the_reference
S14 killed (full) by 1: tests/registry.rs::every_registered_test_matches_its_synthetic_golden
S13 killed (full) by 1: tests/edge_books.rs::every_edge_book_matches_the_reference
S15 killed (full) by 1: tests/edge_books.rs::every_edge_book_matches_the_reference
S16 killed (full) by 1: tests/edge_books.rs::every_edge_book_matches_the_reference
S17 killed (full) by 2: tests/edge_books.rs::every_edge_book_matches_the_reference, tests/registry.rs::every_registered_test_matches_its_synthetic_golden
S18 killed (full) by 2: tests/edge_books.rs::every_edge_book_matches_the_reference, tests/registry.rs::every_registered_test_matches_its_synthetic_golden
S19 killed (full) by 1: tests/edge_books.rs::every_edge_book_matches_the_reference
S25 killed (full) by 1: tests/edge_books.rs::every_edge_book_matches_the_reference
S21 killed (full) by 2: src/lib.rs::statutory_dues_43b::tests::the_opening_lot_is_due_the_month_after_the_last_pre_period_month, tests/edge_books.rs::every_edge_book_matches_the_reference
S20 killed (full) by 1: tests/edge_books.rs::every_edge_book_matches_the_reference
R10 killed (full) by 1: src/lib.rs::statutory_dues_43b::tests::s43b_1_reports_mismatches_and_missing_evidence_as_the_reference_does
R12 killed (full) by 1: src/lib.rs::statutory_dues_43b::tests::s43b_1_reports_mismatches_and_missing_evidence_as_the_reference_does
R11 killed (full) by 1: src/lib.rs::statutory_dues_43b::tests::s43b_1_reports_mismatches_and_missing_evidence_as_the_reference_does
R14 killed (full) by 1: src/lib.rs::statutory_dues_43b::tests::a_period_starting_mid_month_takes_the_opening_lot_from_the_day_before
R13 killed (full) by 1: tests/edge_books.rs::every_edge_book_matches_the_reference
R15 killed (full) by 1: tests/edge_books.rs::every_edge_book_matches_the_reference
R16 killed (full) by 2: tests/edge_books.rs::every_edge_book_matches_the_reference, tests/registry.rs::every_registered_test_matches_its_synthetic_golden
R17 killed (full) by 1: tests/edge_books.rs::every_edge_book_matches_the_reference
R18 killed (full) by 1: tests/edge_books.rs::every_edge_book_matches_the_reference
R20 killed (full) by 1: tests/edge_books.rs::every_edge_book_matches_the_reference
R21 killed (full) by 1: tests/edge_books.rs::every_edge_book_matches_the_reference
R19 killed (full) by 1: tests/edge_books.rs::every_edge_book_matches_the_reference
P01 killed (full) by 1: src/lib.rs::invariants::tests::pop5_names_blank_and_repeated_voucher_guids_in_the_population
P02 killed (full) by 2: src/lib.rs::invariants::tests::pop5_names_blank_and_repeated_voucher_guids_in_the_population, tests/edge_books.rs::every_edge_book_matches_the_reference
P03 killed (full) by 1: src/lib.rs::invariants::tests::pop5_names_blank_and_repeated_voucher_guids_in_the_population
SB-08 killed (full) by 8: tests/parity_depreciation.rs::a_changed_value_at_the_180_day_boundary_is_reported, tests/parity_depreciation.rs::a_changed_value_at_the_cash_limit_boundary_is_reported, tests/parity_depreciation.rs::a_changed_value_is_reported, tests/parity_depreciation.rs::a_flipped_confidence_is_reported, tests/parity_depreciation.rs::a_reordered_but_equal_dump_passes, tests/parity_depreciation.rs::synthetic_read_matches_the_python_golden, tests/parity_depreciation.rs::the_old_book_vs_act_title_is_reported, tests/registry.rs::every_registered_test_matches_its_synthetic_golden
P04 killed (full) by 39: src/lib.rs::invariants::tests::pop5_names_blank_and_repeated_voucher_guids_in_the_population, tests/edge_books.rs::every_edge_book_matches_the_reference, tests/parity.rs::a_changed_test_or_spec_version_is_reported, tests/parity.rs::a_changed_unit_is_reported, tests/parity.rs::a_changed_value_is_reported, tests/parity.rs::a_flipped_confidence_is_reported, tests/parity.rs::a_reordered_but_equal_dump_passes, tests/parity.rs::an_invariant_not_evaluated_is_reported_even_without_violations, tests/parity.rs::synthetic_read_matches_the_python_golden, tests/parity_40a3.rs::a_changed_value_is_reported, tests/parity_40a3.rs::a_flipped_confidence_is_reported, tests/parity_40a3.rs::a_flipped_goods_carriage_exemption_is_reported, tests/parity_40a3.rs::a_flipped_loan_coverage_clause_is_reported, tests/parity_40a3.rs::a_reordered_but_equal_dump_passes, tests/parity_40a3.rs::an_invariant_not_evaluated_is_reported_even_without_violations, tests/parity_40a3.rs::synthetic_read_matches_the_python_golden, tests/parity_applicability_44ab.rs::a_changed_call_is_reported, tests/parity_applicability_44ab.rs::a_changed_due_date_is_reported, tests/parity_applicability_44ab.rs::synthetic_read_matches_the_python_golden, tests/parity_cash_book_integrity.rs::a_changed_value_is_reported, tests/parity_cash_book_integrity.rs::synthetic_read_matches_the_python_golden, tests/parity_depreciation.rs::a_changed_value_at_the_180_day_boundary_is_reported, tests/parity_depreciation.rs::a_changed_value_at_the_cash_limit_boundary_is_reported, tests/parity_depreciation.rs::a_changed_value_is_reported, tests/parity_depreciation.rs::a_flipped_confidence_is_reported, tests/parity_depreciation.rs::a_reordered_but_equal_dump_passes, tests/parity_depreciation.rs::synthetic_read_matches_the_python_golden, tests/parity_depreciation.rs::the_old_book_vs_act_title_is_reported, tests/parity_financial_statements.rs::a_changed_value_is_reported, tests/parity_financial_statements.rs::closing_stock_from_the_stale_field_is_reported, tests/parity_financial_statements.rs::synthetic_read_matches_the_python_golden_with_report_totals, tests/parity_financial_statements.rs::synthetic_read_matches_the_python_golden_without_report_totals, tests/parity_ledger_scrutiny.rs::a_changed_value_is_reported, tests/parity_ledger_scrutiny.rs::synthetic_read_matches_the_python_golden, tests/parity_stale_balances_41_1.rs::a_changed_value_is_reported, tests/parity_stale_balances_41_1.rs::synthetic_read_matches_the_python_golden, tests/parity_trial_balance.rs::a_changed_value_is_reported, tests/parity_trial_balance.rs::synthetic_read_matches_the_python_golden, tests/registry.rs::every_registered_test_matches_its_synthetic_golden
D2-06 killed (full) by 1: tests/edge_books.rs::every_edge_book_matches_the_reference
D2-08 killed (full) by 1: tests/edge_books.rs::every_edge_book_matches_the_reference
D2-07 killed (full) by 1: tests/edge_books.rs::every_edge_book_matches_the_reference
D2-09 killed (full) by 1: tests/edge_books.rs::every_edge_book_matches_the_reference
D2-10 killed (full) by 1: tests/edge_books.rs::every_edge_book_matches_the_reference
D2-11 killed (full) by 1: tests/edge_books.rs::every_edge_book_matches_the_reference
D2-12 killed (full) by 1: tests/edge_books.rs::every_edge_book_matches_the_reference
D2-13 killed (full) by 1: src/lib.rs::partners_40b_194t::tests::not_applicable_reads_no_voucher_and_rules_without_entities_refuse
PC-01 killed (full) by 1: src/lib.rs::partners_40b_194t::tests::two_partner_keys_sharing_a_figure_tag_are_refused_not_a_panic
E2B-04 killed (full) by 1: tests/edge_books.rs::a_voucher_reference_is_built_as_text_or_refused
E2A-01 killed (full) by 2: src/lib.rs::bank_reconciliation::tests::a_match_takes_the_nearest_row_within_re_1_and_7_days_once_in_date_order, tests/edge_books.rs::every_edge_book_matches_the_reference
E2A-02 killed (full) by 1: src/lib.rs::bank_reconciliation::tests::a_match_takes_the_nearest_row_within_re_1_and_7_days_once_in_date_order
E2A-03 killed (full) by 1: src/lib.rs::bank_reconciliation::tests::a_match_takes_the_nearest_row_within_re_1_and_7_days_once_in_date_order
E2A-04 killed (full) by 1: src/lib.rs::bank_reconciliation::tests::splits_take_the_first_combination_in_date_order_within_7_days_and_retire_their_rows
E2A-06 killed (full) by 2: tests/edge_books.rs::every_edge_book_matches_the_reference, tests/registry.rs::every_registered_test_matches_its_synthetic_golden
E2A-05 killed (full) by 1: src/lib.rs::bank_reconciliation::tests::splits_take_the_first_combination_in_date_order_within_7_days_and_retire_their_rows
E2A-10 killed (full) by 2: tests/edge_books.rs::every_edge_book_matches_the_reference, tests/registry.rs::every_registered_test_matches_its_synthetic_golden
E2A-07 killed (full) by 2: src/lib.rs::bank_reconciliation::tests::splits_take_the_first_combination_in_date_order_within_7_days_and_retire_their_rows, tests/edge_books.rs::every_edge_book_matches_the_reference
E2A-08 killed (full) by 1: tests/edge_books.rs::every_edge_book_matches_the_reference
E2A-09 killed (full) by 1: src/lib.rs::bank_reconciliation::tests::the_window_holds_its_first_and_last_days_and_lies_inside_the_year
E2A-12 killed (full) by 2: tests/edge_books.rs::every_edge_book_matches_the_reference, tests/registry.rs::every_registered_test_matches_its_synthetic_golden
E2A-13 killed (full) by 1: tests/edge_books.rs::a_repeated_books_guid_is_refused_not_panicked
E2A-11 killed (full) by 1: tests/edge_books.rs::every_edge_book_matches_the_reference
E2A-14 killed (full) by 2: src/lib.rs::bank_reconciliation::tests::splits_take_the_first_combination_in_date_order_within_7_days_and_retire_their_rows, tests/edge_books.rs::every_edge_book_matches_the_reference
E2A-16 killed (full) by 1: src/lib.rs::bank_reconciliation::tests::the_window_holds_its_first_and_last_days_and_lies_inside_the_year
E2A-19 killed (full) by 1: src/lib.rs::bank_reconciliation::tests::the_window_holds_its_first_and_last_days_and_lies_inside_the_year
E2A-18 killed (full) by 1: src/lib.rs::bank_reconciliation::tests::a_match_takes_the_nearest_row_within_re_1_and_7_days_once_in_date_order
E2A-17 killed (full) by 1: src/lib.rs::bank_reconciliation::tests::a_match_takes_the_nearest_row_within_re_1_and_7_days_once_in_date_order
E2A-23 killed (full) by 1: src/lib.rs::bank_reconciliation::tests::splits_take_the_first_combination_in_date_order_within_7_days_and_retire_their_rows
E2A-24 killed (full) by 1: src/lib.rs::bank_reconciliation::tests::a_match_takes_the_nearest_row_within_re_1_and_7_days_once_in_date_order
E2A-25 killed (full) by 1: src/lib.rs::bank_reconciliation::tests::a_match_takes_the_nearest_row_within_re_1_and_7_days_once_in_date_order
E2A-26 killed (full) by 1: src/lib.rs::bank_reconciliation::tests::splits_take_the_first_combination_in_date_order_within_7_days_and_retire_their_rows
E2A-27 killed (full) by 1: src/lib.rs::bank_reconciliation::tests::splits_take_the_first_combination_in_date_order_within_7_days_and_retire_their_rows
E2A-28 killed (full) by 1: src/lib.rs::bank_reconciliation::tests::splits_take_the_first_combination_in_date_order_within_7_days_and_retire_their_rows
E2A-29 killed (full) by 1: src/lib.rs::bank_reconciliation::tests::splits_take_the_first_combination_in_date_order_within_7_days_and_retire_their_rows
E2A-30 killed (full) by 1: src/lib.rs::bank_reconciliation::tests::splits_take_the_first_combination_in_date_order_within_7_days_and_retire_their_rows
E2A-31 killed (full) by 1: src/lib.rs::bank_reconciliation::tests::splits_take_the_first_combination_in_date_order_within_7_days_and_retire_their_rows
E2A-32 killed (full) by 1: src/lib.rs::bank_reconciliation::tests::splits_take_the_first_combination_in_date_order_within_7_days_and_retire_their_rows
E2A-36 killed (full) by 1: src/lib.rs::bank_reconciliation::tests::splits_take_the_first_combination_in_date_order_within_7_days_and_retire_their_rows
E2A-37 killed (full) by 1: src/lib.rs::bank_reconciliation::tests::splits_take_the_first_combination_in_date_order_within_7_days_and_retire_their_rows
E2A-38 killed (full) by 1: src/lib.rs::bank_reconciliation::tests::splits_take_the_first_combination_in_date_order_within_7_days_and_retire_their_rows
E2A-39 killed (full) by 1: src/lib.rs::bank_reconciliation::tests::splits_take_the_first_combination_in_date_order_within_7_days_and_retire_their_rows
E2A-40 killed (full) by 1: src/lib.rs::bank_reconciliation::tests::splits_take_the_first_combination_in_date_order_within_7_days_and_retire_their_rows
E2A-41 killed (full) by 1: src/lib.rs::bank_reconciliation::tests::splits_take_the_first_combination_in_date_order_within_7_days_and_retire_their_rows
E2A-42 killed (full) by 1: src/lib.rs::bank_reconciliation::tests::splits_take_the_first_combination_in_date_order_within_7_days_and_retire_their_rows
E2A-43 killed (full) by 1: src/lib.rs::bank_reconciliation::tests::splits_take_the_first_combination_in_date_order_within_7_days_and_retire_their_rows
E2A-44 killed (full) by 1: src/lib.rs::bank_reconciliation::tests::splits_take_the_first_combination_in_date_order_within_7_days_and_retire_their_rows
E2A-45 killed (full) by 1: src/lib.rs::bank_reconciliation::tests::splits_take_the_first_combination_in_date_order_within_7_days_and_retire_their_rows
E2A-47 killed (full) by 1: src/lib.rs::bank_reconciliation::tests::splits_take_the_first_combination_in_date_order_within_7_days_and_retire_their_rows
E2A-46 killed (full) by 1: src/lib.rs::bank_reconciliation::tests::splits_take_the_first_combination_in_date_order_within_7_days_and_retire_their_rows

130 of 130 killed

warning: 93 killed by fewer than 2 tests (a lower bound in killers-first mode):
  M01 (full): tests/edge_books.rs::every_edge_book_matches_the_reference
  M02 (full): tests/edge_books.rs::every_edge_book_matches_the_reference
  M03 (full): tests/edge_books.rs::every_edge_book_matches_the_reference
  M04 (full): tests/edge_books.rs::every_edge_book_matches_the_reference
  M05 (full): tests/edge_books.rs::every_edge_book_matches_the_reference
  M15 (full): tests/edge_books.rs::every_edge_book_matches_the_reference
  M16 (full): tests/edge_books.rs::every_edge_book_matches_the_reference
  M17 (full): tests/edge_books.rs::every_edge_book_matches_the_reference
  M18 (full): tests/edge_books.rs::every_edge_book_matches_the_reference
  M19 (full): tests/edge_books.rs::every_edge_book_matches_the_reference
  M20 (full): tests/edge_books.rs::every_edge_book_matches_the_reference
  M21 (full): tests/edge_books.rs::every_edge_book_matches_the_reference
  M22 (full): tests/edge_books.rs::every_edge_book_matches_the_reference
  M23 (full): tests/edge_books.rs::every_edge_book_matches_the_reference
  M26 (full): tests/edge_books.rs::every_edge_book_matches_the_reference
  X01 (full): tests/edge_books.rs::every_edge_book_matches_the_reference
  X02 (full): tests/edge_books.rs::every_edge_book_matches_the_reference
  X04 (full): tests/edge_books.rs::every_edge_book_matches_the_reference
  X05 (full): tests/edge_books.rs::every_edge_book_matches_the_reference
  X16 (full): tests/module_invariants_batch1.rs::cbi1_fires_on_a_tampered_opening_difference_and_cbi2_on_an_unwalked_negative_close
  X20 (full): tests/own_account_terms.rs::a_malformed_value_fails_cash_book_integrity_alone
  X22 (full): tests/edge_books.rs::every_edge_book_matches_the_reference
  X24 (full): tests/edge_books.rs::every_edge_book_matches_the_reference
  S03 (full): tests/edge_books.rs::every_edge_book_matches_the_reference
  S04 (full): src/lib.rs::statutory_dues_43b::tests::the_opening_lot_is_due_the_month_after_the_last_pre_period_month
  S07 (full): tests/edge_books.rs::every_edge_book_matches_the_reference
  S10 (full): tests/edge_books.rs::every_edge_book_matches_the_reference
  S11 (full): tests/edge_books.rs::every_edge_book_matches_the_reference
  S12 (full): tests/edge_books.rs::every_edge_book_matches_the_reference
  S13 (full): tests/edge_books.rs::every_edge_book_matches_the_reference
  S14 (full): tests/registry.rs::every_registered_test_matches_its_synthetic_golden
  S15 (full): tests/edge_books.rs::every_edge_book_matches_the_reference
  S16 (full): tests/edge_books.rs::every_edge_book_matches_the_reference
  S19 (full): tests/edge_books.rs::every_edge_book_matches_the_reference
  S20 (full): tests/edge_books.rs::every_edge_book_matches_the_reference
  S25 (full): tests/edge_books.rs::every_edge_book_matches_the_reference
  R10 (full): src/lib.rs::statutory_dues_43b::tests::s43b_1_reports_mismatches_and_missing_evidence_as_the_reference_does
  R11 (full): src/lib.rs::statutory_dues_43b::tests::s43b_1_reports_mismatches_and_missing_evidence_as_the_reference_does
  R12 (full): src/lib.rs::statutory_dues_43b::tests::s43b_1_reports_mismatches_and_missing_evidence_as_the_reference_does
  R13 (full): tests/edge_books.rs::every_edge_book_matches_the_reference
  R14 (full): src/lib.rs::statutory_dues_43b::tests::a_period_starting_mid_month_takes_the_opening_lot_from_the_day_before
  R15 (full): tests/edge_books.rs::every_edge_book_matches_the_reference
  R17 (full): tests/edge_books.rs::every_edge_book_matches_the_reference
  R18 (full): tests/edge_books.rs::every_edge_book_matches_the_reference
  R19 (full): tests/edge_books.rs::every_edge_book_matches_the_reference
  R20 (full): tests/edge_books.rs::every_edge_book_matches_the_reference
  R21 (full): tests/edge_books.rs::every_edge_book_matches_the_reference
  P01 (full): src/lib.rs::invariants::tests::pop5_names_blank_and_repeated_voucher_guids_in_the_population
  P03 (full): src/lib.rs::invariants::tests::pop5_names_blank_and_repeated_voucher_guids_in_the_population
  D2-06 (full): tests/edge_books.rs::every_edge_book_matches_the_reference
  D2-07 (full): tests/edge_books.rs::every_edge_book_matches_the_reference
  D2-08 (full): tests/edge_books.rs::every_edge_book_matches_the_reference
  D2-09 (full): tests/edge_books.rs::every_edge_book_matches_the_reference
  D2-10 (full): tests/edge_books.rs::every_edge_book_matches_the_reference
  D2-11 (full): tests/edge_books.rs::every_edge_book_matches_the_reference
  D2-12 (full): tests/edge_books.rs::every_edge_book_matches_the_reference
  D2-13 (full): src/lib.rs::partners_40b_194t::tests::not_applicable_reads_no_voucher_and_rules_without_entities_refuse
  PC-01 (full): src/lib.rs::partners_40b_194t::tests::two_partner_keys_sharing_a_figure_tag_are_refused_not_a_panic
  E2B-04 (full): tests/edge_books.rs::a_voucher_reference_is_built_as_text_or_refused
  E2A-02 (full): src/lib.rs::bank_reconciliation::tests::a_match_takes_the_nearest_row_within_re_1_and_7_days_once_in_date_order
  E2A-03 (full): src/lib.rs::bank_reconciliation::tests::a_match_takes_the_nearest_row_within_re_1_and_7_days_once_in_date_order
  E2A-04 (full): src/lib.rs::bank_reconciliation::tests::splits_take_the_first_combination_in_date_order_within_7_days_and_retire_their_rows
  E2A-05 (full): src/lib.rs::bank_reconciliation::tests::splits_take_the_first_combination_in_date_order_within_7_days_and_retire_their_rows
  E2A-08 (full): tests/edge_books.rs::every_edge_book_matches_the_reference
  E2A-09 (full): src/lib.rs::bank_reconciliation::tests::the_window_holds_its_first_and_last_days_and_lies_inside_the_year
  E2A-11 (full): tests/edge_books.rs::every_edge_book_matches_the_reference
  E2A-13 (full): tests/edge_books.rs::a_repeated_books_guid_is_refused_not_panicked
  E2A-16 (full): src/lib.rs::bank_reconciliation::tests::the_window_holds_its_first_and_last_days_and_lies_inside_the_year
  E2A-17 (full): src/lib.rs::bank_reconciliation::tests::a_match_takes_the_nearest_row_within_re_1_and_7_days_once_in_date_order
  E2A-18 (full): src/lib.rs::bank_reconciliation::tests::a_match_takes_the_nearest_row_within_re_1_and_7_days_once_in_date_order
  E2A-19 (full): src/lib.rs::bank_reconciliation::tests::the_window_holds_its_first_and_last_days_and_lies_inside_the_year
  E2A-23 (full): src/lib.rs::bank_reconciliation::tests::splits_take_the_first_combination_in_date_order_within_7_days_and_retire_their_rows
  E2A-24 (full): src/lib.rs::bank_reconciliation::tests::a_match_takes_the_nearest_row_within_re_1_and_7_days_once_in_date_order
  E2A-25 (full): src/lib.rs::bank_reconciliation::tests::a_match_takes_the_nearest_row_within_re_1_and_7_days_once_in_date_order
  E2A-26 (full): src/lib.rs::bank_reconciliation::tests::splits_take_the_first_combination_in_date_order_within_7_days_and_retire_their_rows
  E2A-27 (full): src/lib.rs::bank_reconciliation::tests::splits_take_the_first_combination_in_date_order_within_7_days_and_retire_their_rows
  E2A-28 (full): src/lib.rs::bank_reconciliation::tests::splits_take_the_first_combination_in_date_order_within_7_days_and_retire_their_rows
  E2A-29 (full): src/lib.rs::bank_reconciliation::tests::splits_take_the_first_combination_in_date_order_within_7_days_and_retire_their_rows
  E2A-30 (full): src/lib.rs::bank_reconciliation::tests::splits_take_the_first_combination_in_date_order_within_7_days_and_retire_their_rows
  E2A-31 (full): src/lib.rs::bank_reconciliation::tests::splits_take_the_first_combination_in_date_order_within_7_days_and_retire_their_rows
  E2A-32 (full): src/lib.rs::bank_reconciliation::tests::splits_take_the_first_combination_in_date_order_within_7_days_and_retire_their_rows
  E2A-36 (full): src/lib.rs::bank_reconciliation::tests::splits_take_the_first_combination_in_date_order_within_7_days_and_retire_their_rows
  E2A-37 (full): src/lib.rs::bank_reconciliation::tests::splits_take_the_first_combination_in_date_order_within_7_days_and_retire_their_rows
  E2A-38 (full): src/lib.rs::bank_reconciliation::tests::splits_take_the_first_combination_in_date_order_within_7_days_and_retire_their_rows
  E2A-39 (full): src/lib.rs::bank_reconciliation::tests::splits_take_the_first_combination_in_date_order_within_7_days_and_retire_their_rows
  E2A-40 (full): src/lib.rs::bank_reconciliation::tests::splits_take_the_first_combination_in_date_order_within_7_days_and_retire_their_rows
  E2A-41 (full): src/lib.rs::bank_reconciliation::tests::splits_take_the_first_combination_in_date_order_within_7_days_and_retire_their_rows
  E2A-42 (full): src/lib.rs::bank_reconciliation::tests::splits_take_the_first_combination_in_date_order_within_7_days_and_retire_their_rows
  E2A-43 (full): src/lib.rs::bank_reconciliation::tests::splits_take_the_first_combination_in_date_order_within_7_days_and_retire_their_rows
  E2A-44 (full): src/lib.rs::bank_reconciliation::tests::splits_take_the_first_combination_in_date_order_within_7_days_and_retire_their_rows
  E2A-45 (full): src/lib.rs::bank_reconciliation::tests::splits_take_the_first_combination_in_date_order_within_7_days_and_retire_their_rows
  E2A-46 (full): src/lib.rs::bank_reconciliation::tests::splits_take_the_first_combination_in_date_order_within_7_days_and_retire_their_rows
  E2A-47 (full): src/lib.rs::bank_reconciliation::tests::splits_take_the_first_combination_in_date_order_within_7_days_and_retire_their_rows
